                                                                           
                                                                           
***************************************************************************
***                                                                     ***
***                                                                     ***
***          __  __ ____   ____ _                                       ***
***         |  \/  |  _ \ / ___| |__   ___ _ __ ___                     ***
***         | |\/| | |_) | |   | '_ \ / _ \ '_ ` _ \                    ***
***         | |  | |  _ <| |___| | | |  __/ | | | | |                   ***
***         |_|  |_|_| \_\\____|_| |_|\___|_| |_| |_|                   ***
***                                                                     ***
***         VERSION            1.2.0-alpha                              ***
***                                                                     ***
***         Git branch         property/hirshfeld                       ***
***         Git commit hash    13ea821841ed585ecac1                     ***
***         Git commit author  moritzgubler                             ***
***         Git commit date    Wed Sep 25 16:32:04 2024 +0200           ***
***                                                                     ***
***         Contact: luca.frediani@uit.no                               ***
***                                                                     ***
***         Radovan Bast            Magnar Bjorgve                      ***
***         Roberto Di Remigio      Antoine Durdek                      ***
***         Luca Frediani           Gabriel Gerez                       ***
***         Stig Rune Jensen        Jonas Juselius                      ***
***         Rune Monstad            Peter Wind                          ***
***                                                                     ***
***************************************************************************

---------------------------------------------------------------------------

 MPI processes           :       (no bank)                               1
 OpenMP threads          :                                               8
 Total cores             :                                               8
                                                                           
---------------------------------------------------------------------------

XCFun DFT library Copyright 2009-2020 Ulf Ekstrom and contributors.
See http://dftlibs.org/xcfun/ for more information.

This is free software; see the source code for copying conditions.
There is ABSOLUTELY NO WARRANTY; not even for MERCHANTABILITY or
FITNESS FOR A PARTICULAR PURPOSE. For details see the documentation.
Scientific users of this library should cite
U. Ekstrom, L. Visscher, R. Bast, A. J. Thorvaldsen and K. Ruud;
J.Chem.Theor.Comp. 2010, DOI: 10.1021/ct100117s

---------------------------------------------------------------------------

 MRCPP version         : 1.6.0-alpha
 Git branch            : HEAD
 Git commit hash       : 720133372c9717134c5a
 Git commit author     : gitpeterwind
 Git commit date       : Thu Feb 15 13:44:31 2024 +0100

 Linear algebra        : EIGEN v3.4.0
 Parallelization       : MPI/OpenMP (8 threads)

---------------------------------------------------------------------------


                                                                           
===========================================================================
                         MultiResolution Analysis
---------------------------------------------------------------------------
 polynomial order      : 6
 polynomial type       : Interpolating
---------------------------------------------------------------------------
 total boxes           : 8
 boxes                 : [          2           2           2 ]
 unit lengths          : [   32.00000    32.00000    32.00000 ]
 scaling factor        : [    1.00000     1.00000     1.00000 ]
 lower bounds          : [  -32.00000   -32.00000   -32.00000 ]
 upper bounds          : [   32.00000    32.00000    32.00000 ]
 total length          : [   64.00000    64.00000    64.00000 ]
===========================================================================


                                                                           
***************************************************************************
***                                                                     ***
***                        Initializing Molecule                        ***
***                                                                     ***
***************************************************************************
                                                                           
                                                                           
===========================================================================
                                 Molecule
---------------------------------------------------------------------------
 Charge                  :                                               0
 Multiplicity            :                                               1
---------------------------------------------------------------------------
    N    Atom            :               x               y               z
---------------------------------------------------------------------------
    0       O            :        0.000000        0.000000       -0.243176
    1       H            :       -2.716481        0.000000        1.930009
    2       H            :        2.716481        0.000000        1.930009
---------------------------------------------------------------------------
 Center of mass          :       -0.000000        0.000000       -0.000000
===========================================================================


                                                                           
***************************************************************************
***                                                                     ***
***                Computing Initial Guess Wavefunction                 ***
***                                                                     ***
***************************************************************************
                                                                           
                                                                           
~~~~~~~~~~~~~~~~~~~~~~~~~~~~~~~~~~~~~~~~~~~~~~~~~~~~~~~~~~~~~~~~~~~~~~~~~~~
 Calculation             : Compute initial orbitals
 Method                  : Project GTO molecular orbitals
 Precision               : 1.00000e-03
 Screening               : 1.60000e+01 StdDev
 Restricted              : True
 MO file                 : initial_guess/mrchem.mop
~~~~~~~~~~~~~~~~~~~~~~~~~~~~~~~~~~~~~~~~~~~~~~~~~~~~~~~~~~~~~~~~~~~~~~~~~~~


===========================================================================
                            Molecular Orbitals
---------------------------------------------------------------------------
 Alpha electrons         :                                               5
 Beta electrons          :                                               5
 Total electrons         :                                              10
---------------------------------------------------------------------------
    n  Occ Spin          :                                            Norm
---------------------------------------------------------------------------
    0    2    p          :                              1.000000203320e+00
    1    2    p          :                              1.000000064900e+00
    2    2    p          :                              9.999999960131e-01
    3    2    p          :                              1.000000004599e+00
    4    2    p          :                              9.999999947944e-01
===========================================================================


~~~~~~~~~~~~~~~~~~~~~~~~~~~~~~~~~~~~~~~~~~~~~~~~~~~~~~~~~~~~~~~~~~~~~~~~~~~
 Calculation             : Compute initial energy
 Method                  : DFT (SVWN5)
 Relativity              : None
 Environment             : None
 External fields         : None
 Precision               : 1.00000e-03
 Localization            : Off
~~~~~~~~~~~~~~~~~~~~~~~~~~~~~~~~~~~~~~~~~~~~~~~~~~~~~~~~~~~~~~~~~~~~~~~~~~~


===========================================================================
                        Molecular Energy (initial)
---------------------------------------------------------------------------
 Kinetic energy          :            (au)                 75.847341509466
 E-N energy              :            (au)               -162.428933186095
 Coulomb energy          :            (au)                 46.762546644337
 Exchange energy         :            (au)                  0.000000000000
 X-C energy              :            (au)                 -8.776376728951
 N-N energy              :            (au)                  4.783357401076
---------------------------------------------------------------------------
 Electronic energy       :            (au)                -48.595421761243
 Nuclear energy          :            (au)                  4.783357401076
---------------------------------------------------------------------------
 Total energy            :            (au)             -4.381206436017e+01
                         :      (kcal/mol)             -2.749248546427e+04
                         :        (kJ/mol)             -1.150285591825e+05
                         :            (eV)             -1.192187005539e+03
===========================================================================


===========================================================================
                        Orbital Energies (initial)
---------------------------------------------------------------------------
    n  Occ Spin          :                                         Epsilon
---------------------------------------------------------------------------
    0    2    p          :            (au)                 -5.831541422026
    1    2    p          :            (au)                  0.286888174920
    2    2    p          :            (au)                  0.350415079834
    3    2    p          :            (au)                  0.427810431186
    4    2    p          :            (au)                  2.458354368702
---------------------------------------------------------------------------
 Sum occupied            :            (au)                 -4.616146734770
===========================================================================


                                                                           
***************************************************************************
***                                                                     ***
***                    Printing Molecular Properties                    ***
***                                                                     ***
***************************************************************************
                                                                           
                                                                           
===========================================================================
                                 Molecule
---------------------------------------------------------------------------
 Charge                  :                                               0
 Multiplicity            :                                               1
---------------------------------------------------------------------------
    N    Atom            :               x               y               z
---------------------------------------------------------------------------
    0       O            :        0.000000        0.000000       -0.243176
    1       H            :       -2.716481        0.000000        1.930009
    2       H            :        2.716481        0.000000        1.930009
---------------------------------------------------------------------------
 Center of mass          :       -0.000000        0.000000       -0.000000
===========================================================================


===========================================================================
                         Molecular Energy (final)
---------------------------------------------------------------------------
 Kinetic energy          :            (au)                 75.847341509466
 E-N energy              :            (au)               -162.428933186095
 Coulomb energy          :            (au)                 46.762546644337
 Exchange energy         :            (au)                  0.000000000000
 X-C energy              :            (au)                 -8.776376728951
 N-N energy              :            (au)                  4.783357401076
---------------------------------------------------------------------------
 Electronic energy       :            (au)                -48.595421761243
 Nuclear energy          :            (au)                  4.783357401076
---------------------------------------------------------------------------
 Total energy            :            (au)             -4.381206436017e+01
                         :      (kcal/mol)             -2.749248546427e+04
                         :        (kJ/mol)             -1.150285591825e+05
                         :            (eV)             -1.192187005539e+03
===========================================================================


===========================================================================
                         Orbital Energies (final)
---------------------------------------------------------------------------
    n  Occ Spin          :                                         Epsilon
---------------------------------------------------------------------------
    0    2    p          :            (au)                 -5.831541422026
    1    2    p          :            (au)                  0.286888174920
    2    2    p          :            (au)                  0.350415079834
    3    2    p          :            (au)                  0.427810431186
    4    2    p          :            (au)                  2.458354368702
---------------------------------------------------------------------------
 Sum occupied            :            (au)                 -4.616146734770
===========================================================================


===========================================================================
                           Dipole Moment (dip-1)
---------------------------------------------------------------------------
 r_O                     :        0.000000        0.000000        0.000000
---------------------------------------------------------------------------
 Electronic vector       :        0.000001       -0.000000       -0.270712
 Magnitude               :            (au)                        0.270712
                         :         (Debye)                        0.688082
---------------------------------------------------------------------------
 Nuclear vector          :       -0.000000       -0.000000        1.914612
 Magnitude               :            (au)                        1.914612
                         :         (Debye)                        4.866458
---------------------------------------------------------------------------
 Total vector            :        0.000001       -0.000000        1.643900
 Magnitude               :            (au)                        1.643900
                         :         (Debye)                        4.178376
===========================================================================


===========================================================================
                      Hirshfeld Charges (hirshfeld-1)
---------------------------------------------------------------------------
---------------------------------------------------------------------------
 Charge of atom 0        :                                       -1.225651
 Charge of atom 1        :                                        0.612825
 Charge of atom 2        :                                        0.612826
---------------------------------------------------------------------------
 Sum of Hirshfeld charges:            (au)                    1.133417e-07
===========================================================================
                                                                           
                                                                           
***************************************************************************
***                                                                     ***
***                            Exiting MRChem                           ***
***                                                                     ***
***                       Wall time :  0h  0m  2s                       ***
***                                                                     ***
***************************************************************************
                                                                           
                                                                           
